// Jest Snapshot v1, https://goo.gl/fbAQLP

exports[`Pruebas en componente GifGridItem Mostrar el componente de forma correcta 1`] = `
<div
  className="card animate__animated animate__bounce"
>
  <img
    alt="un titulo"
    src="https://localhost:3000"
  />
  <p>
     
    un titulo
  </p>
</div>
`;
